Article,Stock,Prix,Benefice
Pomme,2,1,2
Banane,10,2,20
Peche,5,6,30
Croissant,15,18,2
Sandwich,18,11,7
