Article,Stock,Prix,Benefice
Pomme,2.0,1.0,2.0
Banane,10.0,2.0,20.0
Peche,5.0,6.0,30.0
Croissant,15.0,18.0,2.0
Coca Cola,100.0,16.0,4.0
Sandwich,18.0,11.0,7.0
Benefice Total,65.0,,