,Article,Stock,Prix,Benefice
0,Pomme,2,1,2
1,Banane,10,2,20
2,Peche,5,6,30
3,Croissant,15,18,2
4,Coca Cola,100,16,4
5,Sandwich,18,11,7
